<?xml version="1.0" encoding="UTF-8"?>
<testsuites>
  <testsuite name="" tests="1" assertions="1" errors="1" warnings="0" failures="0" skipped="0" time="3.443987">
    <testsuite name="Feature" tests="1" assertions="1" errors="1" warnings="0" failures="0" skipped="0" time="3.443987">
      <testsuite name="Tests\Feature\ProdutoTest" file="/home/vagrant/tdd/tests/Feature/ProdutoTest.php" tests="1" assertions="1" errors="1" warnings="0" failures="0" skipped="0" time="3.443987">
        <testcase name="um_produto_pode_ser_criado" class="Tests\Feature\ProdutoTest" classname="Tests.Feature.ProdutoTest" file="/home/vagrant/tdd/tests/Feature/ProdutoTest.php" line="18" assertions="1" time="3.443987">
          <error type="Illuminate\Database\QueryException">Tests\Feature\ProdutoTest::um_produto_pode_ser_criado
Illuminate\Database\QueryException: SQLSTATE[HY000]: General error: 1 no such table: produtos (SQL: select count(*) as aggregate from "produtos" where ("nome" = Ut and "descricao" = Id inventore quidem culpa vero inventore vitae excepturi. and "lance_minimo" = 0 and "ordem" = 193 and "buyout" = 0))

/home/vagrant/tdd/vendor/laravel/framework/src/Illuminate/Database/Connection.php:692
/home/vagrant/tdd/vendor/laravel/framework/src/Illuminate/Database/Connection.php:652
/home/vagrant/tdd/vendor/laravel/framework/src/Illuminate/Database/Connection.php:360
/home/vagrant/tdd/vendor/laravel/framework/src/Illuminate/Database/Query/Builder.php:2350
/home/vagrant/tdd/vendor/laravel/framework/src/Illuminate/Database/Query/Builder.php:2338
/home/vagrant/tdd/vendor/laravel/framework/src/Illuminate/Database/Query/Builder.php:2872
/home/vagrant/tdd/vendor/laravel/framework/src/Illuminate/Database/Query/Builder.php:2339
/home/vagrant/tdd/vendor/laravel/framework/src/Illuminate/Database/Query/Builder.php:2799
/home/vagrant/tdd/vendor/laravel/framework/src/Illuminate/Database/Query/Builder.php:2727
/home/vagrant/tdd/vendor/laravel/framework/src/Illuminate/Testing/Constraints/HasInDatabase.php:54
/home/vagrant/tdd/vendor/laravel/framework/src/Illuminate/Foundation/Testing/Concerns/InteractsWithDatabase.php:28
/home/vagrant/tdd/tests/Feature/ProdutoTest.php:31</error>
        </testcase>
      </testsuite>
    </testsuite>
  </testsuite>
</testsuites>
